C:\Users\pablo\Downloads\aiss-project-template\aiss-project-template\src\main\java\aiss\api\resources\EquiposApiResource.java
C:\Users\pablo\Downloads\aiss-project-template\aiss-project-template\src\main\java\aiss\football\PlayersL.java
C:\Users\pablo\Downloads\aiss-project-template\aiss-project-template\src\main\java\aiss\football\Team.java
C:\Users\pablo\Downloads\aiss-project-template\aiss-project-template\src\main\java\aiss\football\Self.java
C:\Users\pablo\Downloads\aiss-project-template\aiss-project-template\src\main\java\aiss\football\Player.java
C:\Users\pablo\Downloads\aiss-project-template\aiss-project-template\src\main\java\aiss\model\Jugadores.java
C:\Users\pablo\Downloads\aiss-project-template\aiss-project-template\src\main\java\aiss\football\LeagueTable.java
C:\Users\pablo\Downloads\aiss-project-template\aiss-project-template\src\main\java\aiss\youtube\PageInfo.java
C:\Users\pablo\Downloads\aiss-project-template\aiss-project-template\src\main\java\aiss\model\Videos.java
C:\Users\pablo\Downloads\aiss-project-template\aiss-project-template\src\main\java\aiss\utility\OAuthRegistry.java
C:\Users\pablo\Downloads\aiss-project-template\aiss-project-template\src\main\java\aiss\model\repository\LigaInfoRepository.java
C:\Users\pablo\Downloads\aiss-project-template\aiss-project-template\src\main\java\aiss\football\Players.java
C:\Users\pablo\Downloads\aiss-project-template\aiss-project-template\src\main\java\aiss\model\Equipos.java
C:\Users\pablo\Downloads\aiss-project-template\aiss-project-template\src\main\java\aiss\football\Fixtures.java
C:\Users\pablo\Downloads\aiss-project-template\aiss-project-template\src\main\java\aiss\controller\oauth\OAuth2Callback.java
C:\Users\pablo\Downloads\aiss-project-template\aiss-project-template\src\main\java\aiss\resources\FootballResources.java
C:\Users\pablo\Downloads\aiss-project-template\aiss-project-template\src\main\java\aiss\api\LigaInfoAplication.java
C:\Users\pablo\Downloads\aiss-project-template\aiss-project-template\src\main\java\aiss\resources\YoutubeResources.java
C:\Users\pablo\Downloads\aiss-project-template\aiss-project-template\src\main\java\aiss\youtube\Item.java
C:\Users\pablo\Downloads\aiss-project-template\aiss-project-template\src\main\java\aiss\api\resources\JugadoresApiResource.java
C:\Users\pablo\Downloads\aiss-project-template\aiss-project-template\src\main\java\aiss\youtube\Youtube.java
C:\Users\pablo\Downloads\aiss-project-template\aiss-project-template\src\main\java\aiss\football\Links.java
C:\Users\pablo\Downloads\aiss-project-template\aiss-project-template\src\main\java\aiss\controllers\TeamController.java
C:\Users\pablo\Downloads\aiss-project-template\aiss-project-template\src\main\java\aiss\football\Standing.java
C:\Users\pablo\Downloads\aiss-project-template\aiss-project-template\src\main\java\aiss\HelloWorldServlet.java
C:\Users\pablo\Downloads\aiss-project-template\aiss-project-template\src\main\java\aiss\controller\oauth\GenericAuthController.java
C:\Users\pablo\Downloads\aiss-project-template\aiss-project-template\src\main\java\aiss\youtube\Id.java
C:\Users\pablo\Downloads\aiss-project-template\aiss-project-template\src\main\java\aiss\model\repository\LigaInfoRepositoryImpl.java
C:\Users\pablo\Downloads\aiss-project-template\aiss-project-template\src\main\java\aiss\utility\OAuthServiceConfiguration.java
C:\Users\pablo\Downloads\aiss-project-template\aiss-project-template\src\main\java\aiss\controllers\PlayerController.java
